============================= test session starts =============================
platform win32 -- Python 3.10.0, pytest-8.3.5, pluggy-1.5.0
rootdir: C:\Users\tv work\Documents\Python\Project\supreme-pancake-main\supreme-pancake-main
plugins: anyio-4.9.0
collected 3 items

tests\test_trading_bot.py ...                                            [100%]

============================== warnings summary ===============================
..\..\..\..\..\AppData\Local\Programs\Python\Python310\lib\site-packages\swagger_spec_validator\validator12.py:18
..\..\..\..\..\AppData\Local\Programs\Python\Python310\lib\site-packages\swagger_spec_validator\validator12.py:18
  C:\Users\tv work\AppData\Local\Programs\Python\Python310\lib\site-packages\swagger_spec_validator\validator12.py:18: DeprecationWarning: jsonschema.RefResolver is deprecated as of v4.18.0, in favor of the https://github.com/python-jsonschema/referencing library, which provides more compliant referencing behavior as well as more flexible APIs for customization. A future release will remove RefResolver. Please file a feature request (on referencing) if you are missing an API for the kind of customization you need.
    from jsonschema import RefResolver

..\..\..\..\..\AppData\Local\Programs\Python\Python310\lib\site-packages\swagger_spec_validator\ref_validators.py:14
  C:\Users\tv work\AppData\Local\Programs\Python\Python310\lib\site-packages\swagger_spec_validator\ref_validators.py:14: DeprecationWarning: jsonschema.RefResolver is deprecated as of v4.18.0, in favor of the https://github.com/python-jsonschema/referencing library, which provides more compliant referencing behavior as well as more flexible APIs for customization. A future release will remove RefResolver. Please file a feature request (on referencing) if you are missing an API for the kind of customization you need.
    from jsonschema.validators import RefResolver

..\..\..\..\..\AppData\Local\Programs\Python\Python310\lib\site-packages\swagger_spec_validator\validator20.py:18
  C:\Users\tv work\AppData\Local\Programs\Python\Python310\lib\site-packages\swagger_spec_validator\validator20.py:18: DeprecationWarning: jsonschema.RefResolver is deprecated as of v4.18.0, in favor of the https://github.com/python-jsonschema/referencing library, which provides more compliant referencing behavior as well as more flexible APIs for customization. A future release will remove RefResolver. Please file a feature request (on referencing) if you are missing an API for the kind of customization you need.
    from jsonschema.validators import RefResolver

..\..\..\..\..\AppData\Local\Programs\Python\Python310\lib\site-packages\bravado_core\swagger20_validator.py:6
..\..\..\..\..\AppData\Local\Programs\Python\Python310\lib\site-packages\bravado_core\swagger20_validator.py:6
  C:\Users\tv work\AppData\Local\Programs\Python\Python310\lib\site-packages\bravado_core\swagger20_validator.py:6: DeprecationWarning: jsonschema.RefResolver is deprecated as of v4.18.0, in favor of the https://github.com/python-jsonschema/referencing library, which provides more compliant referencing behavior as well as more flexible APIs for customization. A future release will remove RefResolver. Please file a feature request (on referencing) if you are missing an API for the kind of customization you need.
    from jsonschema import RefResolver

..\..\..\..\..\AppData\Local\Programs\Python\Python310\lib\site-packages\bravado_core\spec.py:14
  C:\Users\tv work\AppData\Local\Programs\Python\Python310\lib\site-packages\bravado_core\spec.py:14: DeprecationWarning: jsonschema.RefResolver is deprecated as of v4.18.0, in favor of the https://github.com/python-jsonschema/referencing library, which provides more compliant referencing behavior as well as more flexible APIs for customization. A future release will remove RefResolver. Please file a feature request (on referencing) if you are missing an API for the kind of customization you need.
    from jsonschema.validators import RefResolver

..\..\..\..\..\AppData\Local\Programs\Python\Python310\lib\site-packages\websockets\legacy\__init__.py:6
  C:\Users\tv work\AppData\Local\Programs\Python\Python310\lib\site-packages\websockets\legacy\__init__.py:6: DeprecationWarning: websockets.legacy is deprecated; see https://websockets.readthedocs.io/en/stable/howto/upgrade.html for upgrade instructions
    warnings.warn(  # deprecated in 14.0 - 2024-11-09

tests/test_trading_bot.py::test_exchange_connection
tests/test_trading_bot.py::test_account_balance
tests/test_trading_bot.py::test_open_and_close_trade
  C:\Users\tv work\AppData\Local\Programs\Python\Python310\lib\site-packages\swagger_spec_validator\validator20.py:49: SwaggerValidationWarning: Found "$ref: #/definitions/UserPreferences" with siblings that will be overwritten. See https://stackoverflow.com/a/48114924 for more information. (path #/definitions/User/properties/preferences)
    warnings.warn(

tests/test_trading_bot.py: 48 warnings
  C:\Users\tv work\AppData\Local\Programs\Python\Python310\lib\site-packages\bravado_core\model.py:888: DeprecationWarning: jsonschema.RefResolver.in_scope is deprecated and will be removed in a future release.
    with spec.resolver.in_scope(additional_uri):

tests/test_trading_bot.py::test_exchange_connection
tests/test_trading_bot.py::test_account_balance
  C:\Users\tv work\AppData\Local\Programs\Python\Python310\lib\site-packages\bravado_core\spec.py:469: Warning: JSON format is not registered with bravado-core!
    warnings.warn(

-- Docs: https://docs.pytest.org/en/stable/how-to/capture-warnings.html
======================= 3 passed, 61 warnings in 18.01s =======================
